// Jest Snapshot v1, https://goo.gl/fbAQLP

exports[`Details page renders 1`] = `
<div
  className="container"
/>
`;
